= Here Goes the Title


SLIDE and standard

//begin_no_slide
standard only
//end_no_slide

SLIDE and standard


SLIDE and standard

standard only 

SLIDE and standard
